main.c:1201:13:MX_GPIO_Init	56	static
main.c:1168:13:MX_USART2_UART_Init	0	static
main.c:1089:13:MX_I2C2_Init	0	static
main.c:1123:13:MX_TIM2_Init	40	static
main.c:288:1:__io_putchar	16	static
main.c:297:6:lcd_send_cmd	24	static
main.c:310:6:lcd_send_data	24	static
main.c:323:6:lcd_init	8	static
main.c:355:6:lcd_send_string	8	static
main.c:360:6:lcd_clear	0	static
main.c:365:6:lcd_home	0	static
main.c:370:6:lcd_setCursor	0	static
main.c:381:6:lcd_characterDatainput	8	static
main.c:394:6:lcd_createSpecialCharacter	16	static
main.c:405:6:lcd_incrementDDRAM	0	static
main.c:412:6:lcd_decrementDDRAM	0	static
main.c:419:6:lcd_shiftEntiredisplayLeft	0	static
main.c:426:6:lcd_shiftEntiredisplayRight	0	static
main.c:435:6:lcd_display	0	static
main.c:442:6:lcd_nodisplay	0	static
main.c:449:6:lcd_cursor	0	static
main.c:456:6:lcd_nocursor	0	static
main.c:463:6:lcd_blink	0	static
main.c:470:6:lcd_noblink	0	static
main.c:479:6:lcd_shiftCursorLeft	0	static
main.c:486:6:lcd_shiftCursorRight	0	static
main.c:493:6:lcd_shiftAllDisplayLeft	0	static
main.c:500:6:lcd_shiftAllDisplayRight	0	static
main.c:508:6:lcd_address_search	16	static
main.c:529:6:HAL_TIM_PeriodElapsedCallback	24	static
main.c:673:6:Uart_Tx_Byte	56	static
main.c:759:5:Uart_Tx_multiByte	24	static
main.c:1052:6:SystemClock_Config	72	static
main.c:778:5:main	32	static
main.c:1247:6:Error_Handler	0	static
