11:52:09 **** Incremental Build of configuration Release for project a15-03-uartTXmode ****
make -j16 all 
arm-none-eabi-gcc "../Core/Src/main.c" -mcpu=cortex-m3 -std=gnu11 -DUSE_HAL_DRIVER -DSTM32F103xB -c -I../Drivers/CMSIS/Device/ST/STM32F1xx/Include -I../Drivers/CMSIS/Include -I../Core/Inc -I../Drivers/STM32F1xx_HAL_Driver/Inc/Legacy -I../Drivers/STM32F1xx_HAL_Driver/Inc -Os -ffunction-sections -fdata-sections -Wall -fstack-usage -MMD -MP -MF"Core/Src/main.d" -MT"Core/Src/main.o" --specs=nano.specs -mfloat-abi=soft -mthumb -o "Core/Src/main.o"
arm-none-eabi-gcc -o "a15-03-uartTXmode.elf" @"objects.list"   -mcpu=cortex-m3 -T"C:\ljh\a15-03-uartTXmode\STM32F103RBTX_FLASH.ld" --specs=nosys.specs -Wl,-Map="a15-03-uartTXmode.map" -Wl,--gc-sections -static --specs=nano.specs -mfloat-abi=soft -mthumb -Wl,--start-group -lc -lm -Wl,--end-group
Finished building target: a15-03-uartTXmode.elf
 
arm-none-eabi-objdump -h -S  a15-03-uartTXmode.elf  > "a15-03-uartTXmode.list"
arm-none-eabi-objcopy  -O binary  a15-03-uartTXmode.elf  "a15-03-uartTXmode.bin"
arm-none-eabi-size   a15-03-uartTXmode.elf 
   text	   data	    bss	    dec	    hex	filename
   9536	    120	   1768	  11424	   2ca0	a15-03-uartTXmode.elf
Finished building: default.size.stdout
 
Finished building: a15-03-uartTXmode.bin
Finished building: a15-03-uartTXmode.list
 
 
11:52:11 **** Incremental Build of configuration Release for project a15-03-uartTXmode ****
make -j16 all 
arm-none-eabi-size   a15-03-uartTXmode.elf 
   text	   data	    bss	    dec	    hex	filename
   9536	    120	   1768	  11424	   2ca0	a15-03-uartTXmode.elf
Finished building: default.size.stdout
 
